// Jest Snapshot v1, https://goo.gl/fbAQLP

exports[`Layout component should render correctly 1`] = `
Array [
  <header
    className="header"
  >
    <div
      className="grid"
    >
      <nav
        className="navigation"
      >
        <ul>
          <li>
            <a
              href="/"
            >
              Home
            </a>
          </li>
          <li>
            <a
              href="/page-2"
            >
              Page 2
            </a>
          </li>
          <li>
            <a
              href="/projects"
            >
              Projects
            </a>
          </li>
        </ul>
      </nav>
    </div>
  </header>,
  <main>
    <div
      className="grid"
    />
  </main>,
  <footer
    className="footer"
  >
    <div
      className="grid"
    >
      Â© 
      2019
      , Built with 
      <a
        href="https://www.gatsbyjs.org"
      >
        Gatsby
      </a>
    </div>
  </footer>,
]
`;
