// Jest Snapshot v1, https://goo.gl/fbAQLP

exports[`Logo component should render correctly 1`] = `
<a
  href="/projects/"
>
  <img
    alt="Logo Title"
    src="path/to/image"
  />
</a>
`;
